py : C:\Users\dell\AppData\Local\Packages\PythonSoftwareFoundation.Python.3.11_qbz5n2kfra8p
0\LocalCache\local-packages\Python311\site-packages\pydantic\_internal\_fields.py:151: 
UserWarning: Field "model_version" has conflict with protected namespace "model_".
At line:1 char:95
+ ... CODING='utf-8'; py -3.11 tests/test_nlp_comprehensive.py 2>&1 | Out-F ...
+                     ~~~~~~~~~~~~~~~~~~~~~~~~~~~~~~~~~~~~~~~~~~~~~
    + CategoryInfo          : NotSpecified: (C:\Users\dell\A...space "model_".:String) [], 
    RemoteException
    + FullyQualifiedErrorId : NativeCommandError
 

You may be able to resolve this warning by setting `model_config['protected_namespaces'] = 
()`.
  warnings.warn(
